skip: installed Pi 0.81.1 predates the stock renderer contract 0.84.4 this case compares against
ok - the installed Pi still bounds the picker's list and ranks its search
ok - branch owns accepted wakes with a stable prefix and deterministic verdict-driven delivery
ok - a captain outcome reaches main's model as one typed, sequence-keyed processing request while routine notes stay plain
ok - requested and unsolicited healthy outcomes keep distinct delivery and event ownership
ok - captain outcomes are exact and exactly once across crash, reload, busy main, compaction, and an unrelated assistant response
ok - a captain outcome opens one sequence-keyed processing turn, survives empty and unrelated answers, is re-presented at run end and session start, and closes only on its acknowledgement
ok - scopeForUnreadWake excludes every main-only class without vetoing eligible task-local rows, and writes the eligible snapshot
ok - branch prompt_cache_key is stable per home across sessions and distinct between homes
ok - branch default-on eligibility (task-scoped, heartbeat, legacy flag ignored) binds and a broken branch rejects to watcher fallback
ok - under the away-posture record the wake carries the verbatim read-back tail, claims every row, opens no processing turn, cancels a pending request, and presents the accumulated rows after archive
ok - Pi branch: an unchanged held outcome reaches the captain once across cadences, and a later red check on the task still does
ok - an accepted away-only wake rejects after archive, while a drained task-local wake stays a quiet no-op
ok - a claimed heartbeat row on a non-heartbeat away wake lifts task scoping for the fleet report
ok - a heartbeat review survives a check row arriving before its drain
ok - fm_branch_report refuses a task the wake did not name, fleet included, while a heartbeat is unscoped
ok - pre-drain eligibility re-check excludes a newly main-owned row without deferring eligible work
ok - a co-present needs-decision row neither vetoes nor falsely settles routine branch delivery
ok - a settled branch turn without a durable outcome falls back and releases its grant for main replay
not ok - provider errors must latch, cool down, re-probe once, back off, and recover through a durable report: <anonymous_script>:217
  throw new Error(`timed out waiting for ${label}`);
        ^

Error: timed out waiting for in-flight failed cooldown probe
    at settle (eval at <anonymous> (file:///Users/kunchen/.no-mistakes/worktrees/52b07e9083e7/01M3DDE7S00M5Q9CBJDGERQJ6K/[eval1]:2:7), <anonymous>:217:9)
    at async file:///Users/kunchen/.no-mistakes/worktrees/52b07e9083e7/01M3DDE7S00M5Q9CBJDGERQJ6K/[eval1]:121:1

Node.js v24.13.1: expected exit 0, got 1
EXIT 1
