ok - marked hold reasons round-trip through public reads, fleet, startup, and return without changing other fields
ok - new, active, and released holds require the origin first with and without deferral
ok - historical self-inventories name a workable repair that preserves sibling entries
ok - completion and verification compare backend identities for entries and current or stored origins
ok - complete refuses the origin as its own captain-call inventory
ok - complete refuses an entry held for another origin and flags one with none recorded
ok - report-only unresolved captain call is reproduced and completion refuses before loss
ok - both body-decoding paths work without the allow_nonref default
ok - cleanup preserves every byte of a retained body's non-ASCII characters
ok - the completion gate attests captain-held inventory and transfers open status decisions
ok - captain-hold completion keeps a recorded PR identity parseable
ok - answer records the captain's words, closes idempotently, and releases routed work
ok - release frees held work with the captain's words recorded and the body preserved
ok - captain holds become visible only after their hold-set timestamp is durable
ok - an interrupted answer preserves its hold age until close retry
ok - a deferred captain call leaves the live Captain's Call until its date and stays answerable
ok - an out-of-band close is recordable with the captain's word and nothing else
ok - ended visual review follows the same captain-hold completion owner
ok - resolved findings and decision-like prose do not create captain-held tasks
ok - terminal single-owner stale status decisions do not block empty inventory
ok - main-home and secondmate-home captain calls remain correctly routed
ok - a secondmate home publishes each hold occurrence and its answer on the parent channel
ok - secondmate resolutions publish before retiring durable retry triggers
error: listener is not running: lavish-d7e606ba80464f2d
not ok - could not arm the review deck
