
================================================================================
SESSION START - /Users/zanejohnston-king/.no-mistakes/worktrees/96b5de49383f/01M3GYRT98BNASN2X2GD2Y65XZ/.omp-primary-live.4GxgX1/home
================================================================================

LOCK
--------------------------------------------------------------------------------
error: another live firstmate session holds the lock (pid 17332); operate read-only until resolved
●━━━━━━━━━━━━━━━━━━━━━━━━━━━━━━━━━━━━━━━━━━━━━━━━━━━━━━━━━━━━━━━━━━━━━━━
●  READ-ONLY SESSION - FLEET LOCK OWNERSHIP WAS NOT VERIFIED
●  error: another live firstmate session holds the lock (pid 17332); operate read-only until resolved
●  Skipping every mutating step: stale Herdr child cleanup,
●  secondmate convergence, secondmate liveness, pending remote handoff retry,
●  X-mode artifacts, fleet sync, and wake-queue drain. Detect-only bootstrap
●  diagnostics and the rest of this read-only-safe digest still ran below.
●  Operate read-only until this resolves - do not spawn, steer, merge, or
●  otherwise mutate fleet state from this session.
●━━━━━━━━━━━━━━━━━━━━━━━━━━━━━━━━━━━━━━━━━━━━━━━━━━━━━━━━━━━━━━━━━━━━━━━

BOOTSTRAP
--------------------------------------------------------------------------------
PRESENTATION_UNAVAILABLE: lavish-axi (requires >=0.1.77; install: npm install -g lavish-axi && lavish-axi setup hooks) - nonvisual work may proceed with plain-text decisions and reports; install or upgrade before using Lavish

WAKE QUEUE
--------------------------------------------------------------------------------
skipped (read-only session) - 0 record(s) remain queued because this session lacks verified fleet-lock ownership.
OMP_WATCH_EXTENSION: not loaded - restart omp with this home as its working directory so /Users/zanejohnston-king/.no-mistakes/worktrees/96b5de49383f/01M3GYRT98BNASN2X2GD2Y65XZ/.omp-primary-live.4GxgX1/project/.omp/extensions/fm-primary-turnend-guard.ts and /Users/zanejohnston-king/.no-mistakes/worktrees/96b5de49383f/01M3GYRT98BNASN2X2GD2Y65XZ/.omp-primary-live.4GxgX1/project/.omp/extensions/fm-primary-omp-watch.ts auto-load from .omp/extensions/ for turn-end guard and background wake coverage; pass -e /Users/zanejohnston-king/.no-mistakes/worktrees/96b5de49383f/01M3GYRT98BNASN2X2GD2Y65XZ/.omp-primary-live.4GxgX1/project/.omp/extensions/fm-primary-turnend-guard.ts -e /Users/zanejohnston-king/.no-mistakes/worktrees/96b5de49383f/01M3GYRT98BNASN2X2GD2Y65XZ/.omp-primary-live.4GxgX1/project/.omp/extensions/fm-primary-omp-watch.ts only when omp must start from another directory, never together with auto-discovery (omp loads a file named both ways twice)
================================================================================
SUPERVISION OPERATING INSTRUCTIONS - primary harness: omp
================================================================================
Current state:
- Lock: read-only; do not drain, arm, spawn, steer, merge, or repair fleet state here.
- Away/quiet mode: inactive.
- X mode: inactive; use the default watcher cadence.
- Ordinary wake: the omp extension already owns watcher continuity; do not arm another cycle.

Mode: omp (Oh My Pi) extension background wake.

When this session owns supervision and away mode is not active:
1. Drain first with `bin/fm-wake-drain.sh`.
   After handling all emitted wakes and reconciling open decisions and unread status lines, run the exact `--ack-through` command printed as `WAKE_ACK_REQUIRED`; until then the work remains durable for idempotent re-handling after interruption.
2. Confirm the omp primary auto-loaded both project extensions from `.omp/extensions/`; omp has no project-trust gate, so a plain `omp` started with this home as its working directory loads them with no dialog.
   If `bin/fm-session-start.sh` reported the omp extensions as not loaded, restart omp inside this home; pass `-e /Users/zanejohnston-king/.no-mistakes/worktrees/96b5de49383f/01M3GYRT98BNASN2X2GD2Y65XZ/.omp-primary-live.4GxgX1/project/.omp/extensions/fm-primary-turnend-guard.ts -e /Users/zanejohnston-king/.no-mistakes/worktrees/96b5de49383f/01M3GYRT98BNASN2X2GD2Y65XZ/.omp-primary-live.4GxgX1/project/.omp/extensions/fm-primary-omp-watch.ts` only when omp must start from another directory, because omp loads a file named both ways twice.
3. Initial process cycle only: make the one required `fm_watch_arm_omp` call; if startup already owned the fleet lock, this is an ownership-based no-op.
   Use `/fm-watch-arm-omp` only as a human-entered fallback.
   Never run `bin/fm-watch-arm.sh` through omp's bash tool because that foreground arm can wedge the agent and bypasses extension-owned cleanup.
4. If the extension says no live session holds the lock, run `bin/fm-session-start.sh` to reclaim the session lock, then call `fm_watch_arm_omp` again.
5. The extension starts `bin/fm-watch-arm.sh --restart`, keeps the child attached to the live omp process, and owns every later successor launch.
6. Ordinary same-process session replacement (`/new`, `/resume`, `/fork`) retires only the prior generation; when the replacement owns the fleet lock, its `session_start` arms the new generation without a model turn or another `fm_watch_arm_omp` call.
   The generation-owner contract and in-flight actionable-close handoff live in `.omp/extensions/fm-primary-omp-watch.ts`; because omp reports no shutdown reason, every shutdown with a pending actionable close persists the handoff, and the next owning `session_start` in any process replays it.
7. After an actionable child close, the extension rechecks session-lock ownership and verifies one successor before it delivers the follow-up wake; its bounded fallback is defined in `docs/watcher-continuity.md`.
8. Ordinary work, turn completion, and ordinary signal, stale, check, heartbeat, or other wake handling: do not call `fm_watch_arm_omp` again because continuity is extension-owned rather than model-memory-owned.
9. An unexpected child close enters bounded exponential retry, and an exhausted retry or lost session lock is surfaced as a watcher failure instead of disappearing.
10. Missing, failed, or unhealthy cycle only: if a later notification explicitly reports one of those repair conditions, drain queued wakes, inspect the failure text, call `fm_watch_arm_omp`, and restart omp inside this home if the extensions are not loaded.
   A redundant call while the extension owns an arm child or scheduled retry is an ownership-based `watcher: unchanged` no-op, not an independent health claim.
11. Never use shell `&` for watcher supervision.
   The arm mechanism above is extension-owned, not a model tool call, but a manual recovery probe that backgrounds, pipes, or bundles the arm is denied automatically by the pre-tool seatbelt (`bin/fm-arm-pretool-check.sh`, wired into the turn-end guard extension at `/Users/zanejohnston-king/.no-mistakes/worktrees/96b5de49383f/01M3GYRT98BNASN2X2GD2Y65XZ/.omp-primary-live.4GxgX1/project/.omp/extensions/fm-primary-turnend-guard.ts`).

The turn-end guard on omp is structural, not advisory: `/Users/zanejohnston-king/.no-mistakes/worktrees/96b5de49383f/01M3GYRT98BNASN2X2GD2Y65XZ/.omp-primary-live.4GxgX1/project/.omp/extensions/fm-primary-turnend-guard.ts` answers omp's blocking `session_stop` hook, and when `bin/fm-turnend-guard.sh` returns 2 it forces one continuation carrying the guard text, bounded to one per turn by the `stop_hook_active` flag omp sets on the continuation's own stop.
An interrupted turn never raises `session_stop`, so a supervisor-initiated interrupt is not guarded; `bin/fm-control.sh` owns that postcondition.

The Pi supervision branch (`docs/pi-supervision-branch.md`) is Pi's in-process conversation and does not run on omp: without the supervision host every actionable wake is delivered to this conversation and the lease, outcome-store, and `fm_branch_processed` contracts do not apply here, while a home with `config/supervision-host` runs the host's away session ([`supervision-host.md`](../supervision-host.md)).

The turn-end guard extension lives at `/Users/zanejohnston-king/.no-mistakes/worktrees/96b5de49383f/01M3GYRT98BNASN2X2GD2Y65XZ/.omp-primary-live.4GxgX1/project/.omp/extensions/fm-primary-turnend-guard.ts`.
The watcher extension lives at `/Users/zanejohnston-king/.no-mistakes/worktrees/96b5de49383f/01M3GYRT98BNASN2X2GD2Y65XZ/.omp-primary-live.4GxgX1/project/.omp/extensions/fm-primary-omp-watch.ts`.
Both are tracked, project-local `.omp/extensions/*.ts` files that omp auto-discovers from this home with no trust dialog; `bin/fm-session-start.sh` reports when the running omp session has not loaded both required extensions.


================================================================================
READ-ONCE CONTRACT
================================================================================
Everything below is printed in full for this session start: every state/*.meta,
a compact data/backlog.md listing, a bounded tail of every state/*.status,
data/projects.md, data/secondmates.md, data/captain.md, data/captain-shared.md,
and data/learnings.md.
Do NOT re-read any of them after reading this digest, and do NOT bulk-read
data/backlog.md or state/*.status: re-reading everything defeats the entire
point of this command.

Go to a source directly only when:
  - this digest flagged it ABSENT (then rebuild or create it per AGENTS.md),
  - its contents looked unparseable or corrupt,
  - an individual full status log is needed for older wake-event history, or a
    status line was capped and its tail matters (each task's full log path is
    printed with its tail),
  - a full task body is needed (bin/fm-tasks-axi.sh show <id> --full, or data/backlog.md),
  - the backlog listing disclosed omitted queued items and this turn needs them,
  - the NETWORK CHECKS section reported its checks still IN PROGRESS and this
    turn needs their verdict (bin/fm-startup-network.sh report),
  - or a STARTUP TRUNCATED banner named the stage that would have printed it, in
    which case that stage's sources were never emitted and must be reconciled.

================================================================================
FLEET STATE
================================================================================

data/backlog.md
--------------------------------------------------------------------------------
ABSENT

Work under way (state/*.meta)
--------------------------------------------------------------------------------
(none)

Orphan status logs (state/*.status without matching .meta)
--------------------------------------------------------------------------------
(none)

AFK
--------------------------------------------------------------------------------
absent

================================================================================
NETWORK CHECKS
================================================================================
skipped (read-only session) - GitHub authentication, project clone refresh,
secondmate liveness and convergence, and pending handoff delivery were not run.
They need the fleet lock, and this session must not spawn, steer, or merge, so it
has no action they would gate. The session holding the lock runs them.

================================================================================
CONTEXT
================================================================================

data/projects.md
--------------------------------------------------------------------------------
ABSENT

data/secondmates.md
--------------------------------------------------------------------------------
ABSENT

data/captain.md
--------------------------------------------------------------------------------
ABSENT

data/captain-shared.md (shared, main-authoritative, read-only in secondmate homes)
--------------------------------------------------------------------------------
ABSENT

data/learnings.md
--------------------------------------------------------------------------------
ABSENT

================================================================================
NEXT STEP
================================================================================
This session did not acquire the fleet lock. Stay read-only: do not arm,
drain, spawn, steer, merge, or repair fleet state from here. Only a session
with verified fleet-lock ownership may perform mutable follow-up.

The digest above is complete for this session start. The READ-ONCE CONTRACT
section near the top of it governs what may still be read from disk.
